# note: lanehash 4: segment residue -12 (instructions executed more in the 1-call segment than the 3-call one; see dump)
# note: gxhash 4: segment residue -12 (instructions executed more in the 1-call segment than the 3-call one; see dump)
# note: rapidhash-v3 4: segment residue -12 (instructions executed more in the 1-call segment than the 3-call one; see dump)
# note: xxh3 4: segment residue -12 (instructions executed more in the 1-call segment than the 3-call one; see dump)
# note: foldhash 4: segment residue -12 (instructions executed more in the 1-call segment than the 3-call one; see dump)
# note: ahash 4: segment residue -12 (instructions executed more in the 1-call segment than the 3-call one; see dump)
# note: lanehash 8: segment residue -12 (instructions executed more in the 1-call segment than the 3-call one; see dump)
# note: gxhash 8: segment residue -12 (instructions executed more in the 1-call segment than the 3-call one; see dump)
# note: rapidhash-v3 8: segment residue -12 (instructions executed more in the 1-call segment than the 3-call one; see dump)
# note: xxh3 8: segment residue -12 (instructions executed more in the 1-call segment than the 3-call one; see dump)
# note: foldhash 8: segment residue -12 (instructions executed more in the 1-call segment than the 3-call one; see dump)
# note: ahash 8: segment residue -12 (instructions executed more in the 1-call segment than the 3-call one; see dump)
# note: lanehash 16: segment residue -12 (instructions executed more in the 1-call segment than the 3-call one; see dump)
# note: gxhash 16: segment residue -12 (instructions executed more in the 1-call segment than the 3-call one; see dump)
# note: rapidhash-v3 16: segment residue -12 (instructions executed more in the 1-call segment than the 3-call one; see dump)
# note: xxh3 16: segment residue -12 (instructions executed more in the 1-call segment than the 3-call one; see dump)
# note: foldhash 16: segment residue -12 (instructions executed more in the 1-call segment than the 3-call one; see dump)
# note: ahash 16: segment residue -12 (instructions executed more in the 1-call segment than the 3-call one; see dump)
# note: lanehash 32: segment residue -12 (instructions executed more in the 1-call segment than the 3-call one; see dump)
# note: gxhash 32: segment residue -12 (instructions executed more in the 1-call segment than the 3-call one; see dump)
# note: rapidhash-v3 32: segment residue -12 (instructions executed more in the 1-call segment than the 3-call one; see dump)
# note: xxh3 32: segment residue -12 (instructions executed more in the 1-call segment than the 3-call one; see dump)
# note: foldhash 32: segment residue -12 (instructions executed more in the 1-call segment than the 3-call one; see dump)
# note: ahash 32: segment residue -12 (instructions executed more in the 1-call segment than the 3-call one; see dump)
# note: lanehash 64: segment residue -12 (instructions executed more in the 1-call segment than the 3-call one; see dump)
# note: gxhash 64: segment residue -12 (instructions executed more in the 1-call segment than the 3-call one; see dump)
# note: rapidhash-v3 64: segment residue -12 (instructions executed more in the 1-call segment than the 3-call one; see dump)
# note: xxh3 64: segment residue -12 (instructions executed more in the 1-call segment than the 3-call one; see dump)
# note: foldhash 64: segment residue -12 (instructions executed more in the 1-call segment than the 3-call one; see dump)
# note: ahash 64: segment residue -12 (instructions executed more in the 1-call segment than the 3-call one; see dump)
# note: lanehash 128: segment residue -12 (instructions executed more in the 1-call segment than the 3-call one; see dump)
# note: gxhash 128: segment residue -12 (instructions executed more in the 1-call segment than the 3-call one; see dump)
# note: rapidhash-v3 128: segment residue -12 (instructions executed more in the 1-call segment than the 3-call one; see dump)
# note: xxh3 128: segment residue -12 (instructions executed more in the 1-call segment than the 3-call one; see dump)
# note: foldhash 128: segment residue -12 (instructions executed more in the 1-call segment than the 3-call one; see dump)
# note: ahash 128: segment residue -12 (instructions executed more in the 1-call segment than the 3-call one; see dump)
# note: lanehash 256: segment residue -12 (instructions executed more in the 1-call segment than the 3-call one; see dump)
# note: gxhash 256: segment residue -12 (instructions executed more in the 1-call segment than the 3-call one; see dump)
# note: rapidhash-v3 256: segment residue -12 (instructions executed more in the 1-call segment than the 3-call one; see dump)
# note: xxh3 256: segment residue -12 (instructions executed more in the 1-call segment than the 3-call one; see dump)
# note: foldhash 256: segment residue -12 (instructions executed more in the 1-call segment than the 3-call one; see dump)
# note: ahash 256: segment residue -12 (instructions executed more in the 1-call segment than the 3-call one; see dump)
# note: lanehash 1024: segment residue -12 (instructions executed more in the 1-call segment than the 3-call one; see dump)
# note: gxhash 1024: segment residue -12 (instructions executed more in the 1-call segment than the 3-call one; see dump)
# note: rapidhash-v3 1024: segment residue -12 (instructions executed more in the 1-call segment than the 3-call one; see dump)
# note: xxh3 1024: segment residue -12 (instructions executed more in the 1-call segment than the 3-call one; see dump)
# note: foldhash 1024: segment residue -12 (instructions executed more in the 1-call segment than the 3-call one; see dump)
# note: ahash 1024: segment residue -12 (instructions executed more in the 1-call segment than the 3-call one; see dump)
# note: lanehash 4096: segment residue -12 (instructions executed more in the 1-call segment than the 3-call one; see dump)
# note: gxhash 4096: segment residue -12 (instructions executed more in the 1-call segment than the 3-call one; see dump)
# note: rapidhash-v3 4096: segment residue -12 (instructions executed more in the 1-call segment than the 3-call one; see dump)
# note: xxh3 4096: segment residue -12 (instructions executed more in the 1-call segment than the 3-call one; see dump)
# note: foldhash 4096: segment residue -12 (instructions executed more in the 1-call segment than the 3-call one; see dump)
# note: ahash 4096: segment residue -12 (instructions executed more in the 1-call segment than the 3-call one; see dump)
# note: lanehash 65536: segment residue -12 (instructions executed more in the 1-call segment than the 3-call one; see dump)
# note: gxhash 65536: segment residue -12 (instructions executed more in the 1-call segment than the 3-call one; see dump)
# note: rapidhash-v3 65536: segment residue -12 (instructions executed more in the 1-call segment than the 3-call one; see dump)
# note: xxh3 65536: segment residue -12 (instructions executed more in the 1-call segment than the 3-call one; see dump)
# note: foldhash 65536: segment residue -12 (instructions executed more in the 1-call segment than the 3-call one; see dump)
# note: ahash 65536: segment residue -12 (instructions executed more in the 1-call segment than the 3-call one; see dump)
# note: lanehash 1048576: segment residue -12 (instructions executed more in the 1-call segment than the 3-call one; see dump)
# note: gxhash 1048576: segment residue -12 (instructions executed more in the 1-call segment than the 3-call one; see dump)
# note: rapidhash-v3 1048576: segment residue -12 (instructions executed more in the 1-call segment than the 3-call one; see dump)
# note: xxh3 1048576: segment residue -12 (instructions executed more in the 1-call segment than the 3-call one; see dump)
# note: foldhash 1048576: segment residue -12 (instructions executed more in the 1-call segment than the 3-call one; see dump)
# note: ahash 1048576: segment residue -12 (instructions executed more in the 1-call segment than the 3-call one; see dump)
# note: gxhash-hybrid 4: segment residue -12 (instructions executed more in the 1-call segment than the 3-call one; see dump)
# note: gxhash-hybrid 8: segment residue -12 (instructions executed more in the 1-call segment than the 3-call one; see dump)
# note: gxhash-hybrid 16: segment residue -12 (instructions executed more in the 1-call segment than the 3-call one; see dump)
# note: gxhash-hybrid 32: segment residue -12 (instructions executed more in the 1-call segment than the 3-call one; see dump)
# note: gxhash-hybrid 64: segment residue -12 (instructions executed more in the 1-call segment than the 3-call one; see dump)
# note: gxhash-hybrid 128: segment residue -12 (instructions executed more in the 1-call segment than the 3-call one; see dump)
# note: gxhash-hybrid 256: segment residue -12 (instructions executed more in the 1-call segment than the 3-call one; see dump)
# note: gxhash-hybrid 1024: segment residue -12 (instructions executed more in the 1-call segment than the 3-call one; see dump)
# note: gxhash-hybrid 4096: segment residue -12 (instructions executed more in the 1-call segment than the 3-call one; see dump)
# note: gxhash-hybrid 65536: segment residue -12 (instructions executed more in the 1-call segment than the 3-call one; see dump)
# note: gxhash-hybrid 1048576: segment residue -12 (instructions executed more in the 1-call segment than the 3-call one; see dump)
